1 is less than 5
2 is less than 5
3 is less than 5
4 is less than 5
