The next two strings should be the same length

start                             end
start --------------------------- end
